// Jest Snapshot v1, https://goo.gl/fbAQLP

exports[`Shop list gathering should retrive 4 leclerc in the area 1`] = `
Array [
  Object {
    "city": "Erstein",
    "code": "056701",
    "id": 1,
    "lat": 48.425563,
    "list": Array [
      Object {
        "name": "Pate au pesto",
        "products": Array [
          Object {
            "id": "415",
            "name": "Barilla pates spaghetti n°5",
          },
          Object {
            "id": "183",
            "name": "Emmental râpé 29% Mat. Gr",
          },
          Object {
            "id": "62",
            "name": "Pesto au Basilic",
          },
        ],
      },
      Object {
        "name": "Pizza",
        "products": Array [
          Object {
            "id": "393",
            "name": "Oeufs biologiques de poules élevées en plein air x 6",
          },
          Object {
            "id": "66",
            "name": "Sauce tomate nature x 2",
          },
          Object {
            "id": "183",
            "name": "Emmental râpé 29% Mat. Gr",
          },
          Object {
            "id": "227",
            "name": "Le Tranché Fin Torchon (- 25 % de Sel) 4 Tranches Fines Sans couenne",
          },
          Object {
            "id": "231",
            "name": "Farine pâte pizza Tablier blanc",
          },
        ],
      },
    ],
    "long": 7.638703,
    "name": "E.Leclerc Drive Erstein",
    "server": "fd12",
  },
  Object {
    "city": "Strasbourg",
    "code": "086702",
    "id": 2,
    "lat": 48.545883,
    "list": Array [
      Object {
        "name": "Pate au pesto",
        "products": Array [
          Object {
            "id": "396",
            "name": "Barilla pates spaghetti n°5",
          },
          Object {
            "id": "167",
            "name": "Emmental râpé 29% Mat. Gr",
          },
          Object {
            "id": "58",
            "name": "Pesto au Basilic",
          },
        ],
      },
      Object {
        "name": "Pizza",
        "products": Array [
          Object {
            "id": "373",
            "name": "Oeufs biologiques de poules élevées en plein air x 6",
          },
          Object {
            "id": "167",
            "name": "Emmental râpé 29% Mat. Gr",
          },
          Object {
            "id": "61",
            "name": "Sauce tomate nature x 2",
          },
          Object {
            "id": "224",
            "name": "Le Tranché Fin Torchon (- 25 % de Sel) 4 Tranches Fines Sans couenne",
          },
          Object {
            "id": "232",
            "name": "Farine pâte pizza Tablier blanc",
          },
        ],
      },
    ],
    "long": 7.767355,
    "name": "E.Leclerc Drive Strasbourg - Neuhof",
    "server": "fd6",
  },
  Object {
    "city": "Strasbourg",
    "code": "086703",
    "id": 3,
    "lat": 48.576761,
    "list": Array [
      Object {
        "name": "Pate au pesto",
        "products": Array [
          Object {
            "id": "401",
            "name": "Barilla pates spaghetti n°5",
          },
          Object {
            "id": "169",
            "name": "Emmental râpé 29% Mat. Gr",
          },
          Object {
            "id": "60",
            "name": "Pesto au Basilic",
          },
        ],
      },
      Object {
        "name": "Pizza",
        "products": Array [
          Object {
            "id": "373",
            "name": "Oeufs biologiques de poules élevées en plein air x 6",
          },
          Object {
            "id": "59",
            "name": "Sauce tomate nature x 2",
          },
          Object {
            "id": "169",
            "name": "Emmental râpé 29% Mat. Gr",
          },
          Object {
            "id": "224",
            "name": "Le Tranché Fin Torchon (- 25 % de Sel) 4 Tranches Fines Sans couenne",
          },
          Object {
            "id": "231",
            "name": "Farine pâte pizza Tablier blanc",
          },
        ],
      },
    ],
    "long": 7.768423,
    "name": "E.Leclerc Drive Strasbourg - Esplanade",
    "server": "fd6",
  },
  Object {
    "city": "Strasbourg",
    "code": "086701",
    "id": 4,
    "lat": 48.597222,
    "list": Array [
      Object {
        "name": "Pate au pesto",
        "products": Array [
          Object {
            "id": "398",
            "name": "Barilla pates spaghetti n°5",
          },
          Object {
            "id": "200",
            "name": "Emmental râpé 29% Mat. Gr",
          },
          Object {
            "id": "59",
            "name": "Pesto au Basilic",
          },
        ],
      },
      Object {
        "name": "Pizza",
        "products": Array [
          Object {
            "id": "373",
            "name": "Oeufs biologiques de poules élevées en plein air x 6",
          },
          Object {
            "id": "60",
            "name": "Sauce tomate nature x 2",
          },
          Object {
            "id": "200",
            "name": "Emmental râpé 29% Mat. Gr",
          },
          Object {
            "id": "224",
            "name": "Le Tranché Fin Torchon (- 25 % de Sel) 4 Tranches Fines Sans couenne",
          },
          Object {
            "id": "232",
            "name": "Farine pâte pizza Tablier blanc",
          },
        ],
      },
    ],
    "long": 7.735704,
    "name": "E.Leclerc Drive Strasbourg Marché Gare",
    "server": "fd6",
  },
]
`;
